fac enclosing:
	fac
f enclosing:
	fac
	print
main enclosing:
	f
