Program
  List
    ParamFunc
      IntType
      IdDecl
      List
      List
        Assignment
          IdUse
          IdUse
        ReturnStmt
          IdUse
