Program
  List
    ParamFunc
      IntType
      IdDecl
      List
        Param
          IntType
          IdDecl
      List
        IfStmt
          IdUse
          List
            Assignment
              IdUse
              IdUse
          Opt
            ElseStmt
              List
                Assignment
                  IdUse
                  IdUse
        ReturnStmt
          Numeral
