Program
  List
    ParamFunc
      IdUse
      List
        Assignment
          IdUse
          IdUse
