Program
  List
    ParamFunc
      IdDecl
      List
        Param
          IdDecl
      List
        IfStmt
          IdUse
          List
            Assignment
              IdUse
              IdUse
        ReturnStmt
          Numeral
