Program
  Ask
    Opt
      Ask
        Opt
          Let
            List
              Binding
                IdDecl
                Numeral
            IdUse
