Program
  Let
    List
      Binding
        IdDecl
        Numeral
      Binding
        IdDecl
        Numeral
    Mul
      IdUse
      IdUse
