Error at line 6: symbol 'me' has not been declared before this use!
