Error at line 3: symbol 'you' has not been declared before this use!
