Error at line 9: symbol 'me' has not been declared before this use!
