Error at line 2: symbol 'me' has not been declared before this use!
