fac = {fac}
f = {fac, print}
main = {f, fac, print}
