Program
  Let
    List
      Binding
        IdDecl
        Numeral
    Let
      List
        Binding
          IdDecl
          Numeral
      Mul
        Mul
          Numeral
          IdUse
        IdUse
