Program
  Let
    List
      Binding
        IdDecl
        Ask
          Opt
            Numeral
      Binding
        IdDecl
        Numeral
    Mul
      Mul
        Numeral
        IdUse
      IdUse
