Program
  Let
    List
      Binding
        IdDecl
        Mul
          Numeral
          Numeral
    Mul
      Numeral
      IdUse
