Program
  Let
    List
      Binding
        IdDecl
        Numeral
    IdUse
