Program
  Let
    List
      Binding
        IdDecl
        Numeral
      Binding
        IdDecl
        Numeral
    Div
      IdUse
      IdUse
